{
  "x402Version": 1,
  "scheme": "exact",
  "network": "base-sepolia",
  "payload": {
    "signature": "0x1d9a65090638920e881767eb226b0bf3fae07ecb9b989c2774a8d1bb009c3bf817ad0101ee73bdec2eeae59d9b1eb4f615fb8ae141822f96f061f21cadabdef11b",
    "authorization": {
      "from": "0x7840586eE7C215aE14599655b7c96ce23B7A9662",
      "to": "0x209693Bc6afc0C5328bA36FaF03C514EF312287C",
      "value": "10000",
      "validAfter": "981172506",
      "validBefore": "981173406",
      "nonce": "0x140fd607c52d266941aa8d8241891654b6d7ab50a02028cb900c746e3a1bf4dd"
    }
  }
}
